
Memory Configuration

Name             Origin             Length             Attributes
FLASH            0x08000000         0x00020000         xr
RAM              0x20000000         0x00004000         xrw
MEMORY_B1        0x60000000         0x00000000         xr
*default*        0x00000000         0xffffffff

Linker script and memory map

LOAD ./startup/startup_stm32l1xx_md.o
LOAD ./src/main.o
LOAD ./src/hal.o
LOAD ./src/stm32l1xx_it.o
LOAD ./src/system_stm32l1xx.o
LOAD /home/zbanks//STM32L1xx_StdPeriph_Lib_V1.2.0/Libraries/STM32L1xx_StdPeriph_Driver/src/misc.o
LOAD /home/zbanks//STM32L1xx_StdPeriph_Lib_V1.2.0/Libraries/STM32L1xx_StdPeriph_Driver/src/stm32l1xx_adc.o
LOAD /home/zbanks//STM32L1xx_StdPeriph_Lib_V1.2.0/Libraries/STM32L1xx_StdPeriph_Driver/src/stm32l1xx_dma.o
LOAD /home/zbanks//STM32L1xx_StdPeriph_Lib_V1.2.0/Libraries/STM32L1xx_StdPeriph_Driver/src/stm32l1xx_exti.o
LOAD /home/zbanks//STM32L1xx_StdPeriph_Lib_V1.2.0/Libraries/STM32L1xx_StdPeriph_Driver/src/stm32l1xx_gpio.o
LOAD /home/zbanks//STM32L1xx_StdPeriph_Lib_V1.2.0/Libraries/STM32L1xx_StdPeriph_Driver/src/stm32l1xx_syscfg.o
LOAD /home/zbanks//STM32L1xx_StdPeriph_Lib_V1.2.0/Libraries/STM32L1xx_StdPeriph_Driver/src/stm32l1xx_pwr.o
LOAD /home/zbanks//STM32L1xx_StdPeriph_Lib_V1.2.0/Libraries/STM32L1xx_StdPeriph_Driver/src/stm32l1xx_rcc.o
LOAD /home/zbanks//STM32L1xx_StdPeriph_Lib_V1.2.0/Libraries/STM32L1xx_StdPeriph_Driver/src/stm32l1xx_rtc.o
START GROUP
LOAD /home/zbanks/gcc-arm-none-eabi/bin/../lib/gcc/arm-none-eabi/4.8.3/armv7-m/libgcc.a
LOAD /home/zbanks/gcc-arm-none-eabi/bin/../lib/gcc/arm-none-eabi/4.8.3/../../../../arm-none-eabi/lib/armv7-m/libc.a
END GROUP
                0x20004000                _estack = 0x20004000
                0x00000200                _Min_Heap_Size = 0x200
                0x00000200                _Min_Stack_Size = 0x200

.isr_vector     0x08000000      0x10c
                0x08000000                . = ALIGN (0x4)
 *(.isr_vector)
 .isr_vector    0x08000000      0x10c ./startup/startup_stm32l1xx_md.o
                0x08000000                g_pfnVectors
                0x0800010c                . = ALIGN (0x4)

.text           0x0800010c     0x4034
                0x0800010c                . = ALIGN (0x4)
 *(.text)
 .text          0x0800010c       0x14 ./startup/startup_stm32l1xx_md.o
 .text          0x08000120      0x110 ./src/main.o
                0x080001ac                main
                0x080001fc                Delay
                0x08000218                TimingDelay_Decrement
 .text          0x08000230      0x1c8 ./src/hal.o
                0x08000230                hal_setup
                0x0800023c                hbridge_setup
                0x08000298                adc_setup
                0x0800033c                adc_read
                0x080003c0                hbridge_set
 .text          0x080003f8       0x28 ./src/stm32l1xx_it.o
                0x080003f8                NMI_Handler
                0x080003fc                HardFault_Handler
                0x08000400                MemManage_Handler
                0x08000404                BusFault_Handler
                0x08000408                UsageFault_Handler
                0x0800040c                SVC_Handler
                0x08000410                DebugMon_Handler
                0x08000414                PendSV_Handler
                0x08000418                SysTick_Handler
 .text          0x08000420      0x2c0 ./src/system_stm32l1xx.o
                0x08000420                SystemInit
                0x08000484                SystemCoreClockUpdate
 .text          0x080006e0      0x17c /home/zbanks//STM32L1xx_StdPeriph_Lib_V1.2.0/Libraries/STM32L1xx_StdPeriph_Driver/src/misc.o
                0x080006e0                NVIC_PriorityGroupConfig
                0x080006fc                NVIC_Init
                0x080007d0                NVIC_SetVectorTable
                0x080007f0                NVIC_SystemLPConfig
                0x08000830                SysTick_CLKSourceConfig
 .text          0x0800085c      0xbd4 /home/zbanks//STM32L1xx_StdPeriph_Lib_V1.2.0/Libraries/STM32L1xx_StdPeriph_Driver/src/stm32l1xx_adc.o
                0x0800085c                ADC_DeInit
                0x08000888                ADC_Init
                0x08000930                ADC_StructInit
                0x08000964                ADC_CommonInit
                0x08000994                ADC_CommonStructInit
                0x080009a4                ADC_Cmd
                0x080009d4                ADC_BankSelection
                0x08000a04                ADC_PowerDownCmd
                0x08000a38                ADC_DelaySelectionConfig
                0x08000a68                ADC_AnalogWatchdogCmd
                0x08000a98                ADC_AnalogWatchdogThresholdsConfig
                0x08000abc                ADC_AnalogWatchdogSingleChannelConfig
                0x08000aec                ADC_TempSensorVrefintCmd
                0x08000b20                ADC_RegularChannelConfig
                0x08000e20                ADC_SoftwareStartConv
                0x08000e34                ADC_GetSoftwareStartConvStatus
                0x08000e64                ADC_EOCOnEachRegularChannelCmd
                0x08000e94                ADC_ContinuousModeCmd
                0x08000ec4                ADC_DiscModeChannelCountConfig
                0x08000f00                ADC_DiscModeCmd
                0x08000f30                ADC_GetConversionValue
                0x08000f40                ADC_DMACmd
                0x08000f70                ADC_DMARequestAfterLastTransferCmd
                0x08000fa0                ADC_InjectedChannelConfig
                0x08001170                ADC_InjectedSequencerLengthConfig
                0x080011ac                ADC_SetInjectedOffset
                0x080011dc                ADC_ExternalTrigInjectedConvConfig
                0x08001208                ADC_ExternalTrigInjectedConvEdgeConfig
                0x08001234                ADC_SoftwareStartInjectedConv
                0x08001248                ADC_GetSoftwareStartInjectedConvCmdStatus
                0x08001278                ADC_AutoInjectedConvCmd
                0x080012a8                ADC_InjectedDiscModeCmd
                0x080012d8                ADC_GetInjectedConversionValue
                0x08001304                ADC_ITConfig
                0x08001354                ADC_GetFlagStatus
                0x0800138c                ADC_ClearFlag
                0x080013a4                ADC_GetITStatus
                0x08001404                ADC_ClearITPendingBit
 .text          0x08001430      0x3ac /home/zbanks//STM32L1xx_StdPeriph_Lib_V1.2.0/Libraries/STM32L1xx_StdPeriph_Driver/src/stm32l1xx_dma.o
                0x08001430                DMA_DeInit
                0x0800159c                DMA_Init
                0x08001610                DMA_StructInit
                0x0800165c                DMA_Cmd
                0x08001690                DMA_SetCurrDataCounter
                0x080016a8                DMA_GetCurrDataCounter
                0x080016b8                DMA_ITConfig
                0x080016ec                DMA_GetFlagStatus
                0x0800173c                DMA_ClearFlag
                0x08001764                DMA_GetITStatus
                0x080017b4                DMA_ClearITPendingBit
 .text          0x080017dc      0x1c4 /home/zbanks//STM32L1xx_StdPeriph_Lib_V1.2.0/Libraries/STM32L1xx_StdPeriph_Driver/src/stm32l1xx_exti.o
                0x080017dc                EXTI_DeInit
                0x08001804                EXTI_Init
                0x080018d8                EXTI_StructInit
                0x080018f8                EXTI_GenerateSWInterrupt
                0x08001910                EXTI_GetFlagStatus
                0x08001944                EXTI_ClearFlag
                0x08001958                EXTI_GetITStatus
                0x0800198c                EXTI_ClearITPendingBit
 .text          0x080019a0      0x448 /home/zbanks//STM32L1xx_StdPeriph_Lib_V1.2.0/Libraries/STM32L1xx_StdPeriph_Driver/src/stm32l1xx_gpio.o
                0x080019a0                GPIO_DeInit
                0x08001a9c                GPIO_Init
                0x08001bbc                GPIO_StructInit
                0x08001be4                GPIO_PinLockConfig
                0x08001c24                GPIO_ReadInputDataBit
                0x08001c60                GPIO_ReadInputData
                0x08001c70                GPIO_ReadOutputDataBit
                0x08001cac                GPIO_ReadOutputData
                0x08001cbc                GPIO_SetBits
                0x08001cd4                GPIO_ResetBits
                0x08001cec                GPIO_WriteBit
                0x08001d1c                GPIO_Write
                0x08001d34                GPIO_ToggleBits
                0x08001d54                GPIO_PinAFConfig
 .text          0x08001de8      0x478 /home/zbanks//STM32L1xx_StdPeriph_Lib_V1.2.0/Libraries/STM32L1xx_StdPeriph_Driver/src/stm32l1xx_syscfg.o
                0x08001de8                SYSCFG_DeInit
                0x08001dfc                SYSCFG_RIDeInit
                0x08001e2c                SYSCFG_MemoryRemapConfig
                0x08001e44                SYSCFG_GetBootMode
                0x08001e54                SYSCFG_USBPuCmd
                0x08001e88                SYSCFG_EXTILineConfig
                0x08001f14                SYSCFG_RITIMSelect
                0x08001f40                SYSCFG_RITIMInputCaptureConfig
                0x08001fd4                SYSCFG_RIResistorConfig
                0x0800200c                SYSCFG_RIChannelSpeedConfig
                0x0800203c                SYSCFG_RIIOSwitchConfig
                0x080020b0                SYSCFG_RISwitchControlModeCmd
                0x080020e4                SYSCFG_RIHysteresisConfig
 .text          0x08002260      0x274 /home/zbanks//STM32L1xx_StdPeriph_Lib_V1.2.0/Libraries/STM32L1xx_StdPeriph_Driver/src/stm32l1xx_pwr.o
                0x08002260                PWR_DeInit
                0x08002278                PWR_RTCAccessCmd
                0x08002290                PWR_PVDLevelConfig
                0x080022bc                PWR_PVDCmd
                0x080022d4                PWR_WakeUpPinCmd
                0x080022fc                PWR_FastWakeUpCmd
                0x08002314                PWR_UltraLowPowerCmd
                0x0800232c                PWR_VoltageScalingConfig
                0x0800235c                PWR_EnterLowPowerRunMode
                0x080023a8                PWR_EnterSleepMode
                0x080023f8                PWR_EnterSTOPMode
                0x08002454                PWR_EnterSTANDBYMode
                0x08002484                PWR_GetFlagStatus
                0x080024b8                PWR_ClearFlag
 .text          0x080024d4      0x858 /home/zbanks//STM32L1xx_StdPeriph_Lib_V1.2.0/Libraries/STM32L1xx_StdPeriph_Driver/src/stm32l1xx_rcc.o
                0x080024d4                RCC_DeInit
                0x08002524                RCC_HSEConfig
                0x08002544                RCC_WaitForHSEStartUp
                0x080025a0                RCC_AdjustMSICalibrationValue
                0x080025b8                RCC_MSIRangeConfig
                0x080025e4                RCC_MSICmd
                0x080025fc                RCC_AdjustHSICalibrationValue
                0x08002630                RCC_HSICmd
                0x08002648                RCC_LSEConfig
                0x08002668                RCC_LSICmd
                0x08002680                RCC_PLLConfig
                0x080026b4                RCC_PLLCmd
                0x080026cc                RCC_ClockSecuritySystemCmd
                0x080026e4                RCC_LSEClockSecuritySystemCmd
                0x080026fc                RCC_MCOConfig
                0x08002724                RCC_SYSCLKConfig
                0x08002750                RCC_GetSYSCLKSource
                0x08002764                RCC_HCLKConfig
                0x08002790                RCC_PCLK1Config
                0x080027bc                RCC_PCLK2Config
                0x080027ec                RCC_GetClocksFreq
                0x08002994                RCC_RTCCLKConfig
                0x080029ec                RCC_RTCCLKCmd
                0x08002a04                RCC_RTCResetCmd
                0x08002a1c                RCC_AHBPeriphClockCmd
                0x08002a54                RCC_APB2PeriphClockCmd
                0x08002a8c                RCC_APB1PeriphClockCmd
                0x08002ac4                RCC_AHBPeriphResetCmd
                0x08002afc                RCC_APB2PeriphResetCmd
                0x08002b34                RCC_APB1PeriphResetCmd
                0x08002b6c                RCC_AHBPeriphClockLPModeCmd
                0x08002ba4                RCC_APB2PeriphClockLPModeCmd
                0x08002bdc                RCC_APB1PeriphClockLPModeCmd
                0x08002c14                RCC_ITConfig
                0x08002c5c                RCC_GetFlagStatus
                0x08002cc8                RCC_ClearFlag
                0x08002cdc                RCC_GetITStatus
                0x08002d14                RCC_ClearITPendingBit
 .text          0x08002d2c     0x13c4 /home/zbanks//STM32L1xx_StdPeriph_Lib_V1.2.0/Libraries/STM32L1xx_StdPeriph_Driver/src/stm32l1xx_rtc.o
                0x08002d2c                RTC_DeInit
                0x08002e28                RTC_Init
                0x08002ea4                RTC_StructInit
                0x08002ec0                RTC_WriteProtectionCmd
                0x08002eec                RTC_EnterInitMode
                0x08002f60                RTC_ExitInitMode
                0x08002f74                RTC_WaitForSynchro
                0x08002fe8                RTC_RefClockCmd
                0x08003058                RTC_BypassShadowCmd
                0x0800309c                RTC_SetTime
                0x080031b8                RTC_TimeStructInit
                0x080031d8                RTC_GetTime
                0x08003270                RTC_GetSubSecond
                0x0800328c                RTC_SetDate
                0x080033b4                RTC_DateStructInit
                0x080033d4                RTC_GetDate
                0x0800346c                RTC_SetAlarm
                0x080035a0                RTC_AlarmStructInit
                0x080035d4                RTC_GetAlarm
                0x080036ac                RTC_AlarmCmd
                0x0800374c                RTC_AlarmSubSecondConfig
                0x08003790                RTC_GetAlarmSubSecond
                0x080037c4                RTC_WakeUpClockConfig
                0x080037fc                RTC_SetWakeUpCounter
                0x08003820                RTC_GetWakeUpCounter
                0x08003830                RTC_WakeUpCmd
                0x080038c8                RTC_DayLightSavingConfig
                0x08003904                RTC_GetStoreOperation
                0x08003914                RTC_OutputConfig
                0x08003950                RTC_CoarseCalibConfig
                0x080039a8                RTC_CoarseCalibCmd
                0x08003a18                RTC_CalibOutputCmd
                0x08003a5c                RTC_CalibOutputConfig
                0x08003a94                RTC_SmoothCalibConfig
                0x08003b18                RTC_TimeStampCmd
                0x08003b74                RTC_GetTimeStamp
                0x08003c88                RTC_GetTimeStampSubSecond
                0x08003c94                RTC_TamperTriggerConfig
                0x08003cc8                RTC_TamperCmd
                0x08003d00                RTC_TamperFilterConfig
                0x08003d24                RTC_TamperSamplingFreqConfig
                0x08003d48                RTC_TamperPinsPrechargeDuration
                0x08003d6c                RTC_TimeStampOnTamperDetectionCmd
                0x08003da0                RTC_TamperPullUpCmd
                0x08003dd4                RTC_WriteBackupRegister
                0x08003dfc                RTC_ReadBackupRegister
                0x08003e20                RTC_OutputTypeConfig
                0x08003e44                RTC_SynchroShiftConfig
                0x08003eec                RTC_ITConfig
                0x08003f60                RTC_GetFlagStatus
                0x08003fa4                RTC_ClearFlag
                0x08003fd0                RTC_GetITStatus
                0x08004040                RTC_ClearITPendingBit
 *(.text*)
 .text.Reset_Handler
                0x080040f0       0x4c ./startup/startup_stm32l1xx_md.o
                0x080040f0                Reset_Handler
 .text.Default_Handler
                0x0800413c        0x4 ./startup/startup_stm32l1xx_md.o
                0x0800413c                RTC_Alarm_IRQHandler
                0x0800413c                EXTI2_IRQHandler
                0x0800413c                TIM10_IRQHandler
                0x0800413c                USB_HP_IRQHandler
                0x0800413c                TIM6_IRQHandler
                0x0800413c                PVD_IRQHandler
                0x0800413c                EXTI3_IRQHandler
                0x0800413c                EXTI0_IRQHandler
                0x0800413c                I2C2_EV_IRQHandler
                0x0800413c                SPI1_IRQHandler
                0x0800413c                USB_FS_WKUP_IRQHandler
                0x0800413c                DMA1_Channel4_IRQHandler
                0x0800413c                ADC1_IRQHandler
                0x0800413c                USART3_IRQHandler
                0x0800413c                DMA1_Channel7_IRQHandler
                0x0800413c                LCD_IRQHandler
                0x0800413c                TIM4_IRQHandler
                0x0800413c                I2C1_EV_IRQHandler
                0x0800413c                DMA1_Channel6_IRQHandler
                0x0800413c                TIM3_IRQHandler
                0x0800413c                RCC_IRQHandler
                0x0800413c                DMA1_Channel1_IRQHandler
                0x0800413c                Default_Handler
                0x0800413c                EXTI15_10_IRQHandler
                0x0800413c                TIM7_IRQHandler
                0x0800413c                EXTI9_5_IRQHandler
                0x0800413c                TIM9_IRQHandler
                0x0800413c                TAMPER_STAMP_IRQHandler
                0x0800413c                RTC_WKUP_IRQHandler
                0x0800413c                SPI2_IRQHandler
                0x0800413c                DMA1_Channel5_IRQHandler
                0x0800413c                USB_LP_IRQHandler
                0x0800413c                EXTI4_IRQHandler
                0x0800413c                DMA1_Channel3_IRQHandler
                0x0800413c                COMP_IRQHandler
                0x0800413c                WWDG_IRQHandler
                0x0800413c                TIM2_IRQHandler
                0x0800413c                DAC_IRQHandler
                0x0800413c                EXTI1_IRQHandler
                0x0800413c                TIM11_IRQHandler
                0x0800413c                USART2_IRQHandler
                0x0800413c                I2C2_ER_IRQHandler
                0x0800413c                DMA1_Channel2_IRQHandler
                0x0800413c                FLASH_IRQHandler
                0x0800413c                USART1_IRQHandler
                0x0800413c                I2C1_ER_IRQHandler
 *(.rodata)
 *(.rodata*)
 *(.glue_7)
 .glue_7        0x00000000        0x0 linker stubs
 *(.glue_7t)
 .glue_7t       0x00000000        0x0 linker stubs
 *(.init)
 *(.fini)
                0x08004140                . = ALIGN (0x4)
                0x08004140                _etext = .

.vfp11_veneer   0x08004140        0x0
 .vfp11_veneer  0x00000000        0x0 linker stubs

.v4_bx          0x08004140        0x0
 .v4_bx         0x00000000        0x0 linker stubs

.iplt           0x08004140        0x0
 .iplt          0x00000000        0x0 ./startup/startup_stm32l1xx_md.o

.rel.dyn        0x08004140        0x0
 .rel.iplt      0x00000000        0x0 ./startup/startup_stm32l1xx_md.o

.ARM.extab
 *(.ARM.extab* .gnu.linkonce.armextab.*)

.ARM            0x08004140        0x0
                0x08004140                __exidx_start = .
 *(.ARM.exidx*)
                0x08004140                __exidx_end = .

.preinit_array  0x08004140        0x0
                0x08004140                PROVIDE (__preinit_array_start, .)
 *(.preinit_array*)
                0x08004140                PROVIDE (__preinit_array_end, .)

.init_array     0x08004140        0x0
                0x08004140                PROVIDE (__init_array_start, .)
 *(SORT(.init_array.*))
 *(.init_array*)
                0x08004140                PROVIDE (__init_array_end, .)

.fini_array     0x08004140        0x0
                0x08004140                PROVIDE (__fini_array_start, .)
 *(.fini_array*)
 *(SORT(.fini_array.*))
                0x08004140                PROVIDE (__fini_array_end, .)
                0x08004140                _sidata = .

.data           0x20000000       0x3c load address 0x08004140
                0x20000000                . = ALIGN (0x4)
                0x20000000                _sdata = .
 *(.data)
 .data          0x20000000        0x0 ./startup/startup_stm32l1xx_md.o
 .data          0x20000000        0x0 ./src/main.o
 .data          0x20000000        0x0 ./src/hal.o
 .data          0x20000000        0x0 ./src/stm32l1xx_it.o
 .data          0x20000000       0x20 ./src/system_stm32l1xx.o
                0x20000000                SystemCoreClock
                0x20000004                PLLMulTable
                0x20000010                AHBPrescTable
 .data          0x20000020        0x0 /home/zbanks//STM32L1xx_StdPeriph_Lib_V1.2.0/Libraries/STM32L1xx_StdPeriph_Driver/src/misc.o
 .data          0x20000020        0x0 /home/zbanks//STM32L1xx_StdPeriph_Lib_V1.2.0/Libraries/STM32L1xx_StdPeriph_Driver/src/stm32l1xx_adc.o
 .data          0x20000020        0x0 /home/zbanks//STM32L1xx_StdPeriph_Lib_V1.2.0/Libraries/STM32L1xx_StdPeriph_Driver/src/stm32l1xx_dma.o
 .data          0x20000020        0x0 /home/zbanks//STM32L1xx_StdPeriph_Lib_V1.2.0/Libraries/STM32L1xx_StdPeriph_Driver/src/stm32l1xx_exti.o
 .data          0x20000020        0x0 /home/zbanks//STM32L1xx_StdPeriph_Lib_V1.2.0/Libraries/STM32L1xx_StdPeriph_Driver/src/stm32l1xx_gpio.o
 .data          0x20000020        0x0 /home/zbanks//STM32L1xx_StdPeriph_Lib_V1.2.0/Libraries/STM32L1xx_StdPeriph_Driver/src/stm32l1xx_syscfg.o
 .data          0x20000020        0x0 /home/zbanks//STM32L1xx_StdPeriph_Lib_V1.2.0/Libraries/STM32L1xx_StdPeriph_Driver/src/stm32l1xx_pwr.o
 .data          0x20000020       0x1c /home/zbanks//STM32L1xx_StdPeriph_Lib_V1.2.0/Libraries/STM32L1xx_StdPeriph_Driver/src/stm32l1xx_rcc.o
 .data          0x2000003c        0x0 /home/zbanks//STM32L1xx_StdPeriph_Lib_V1.2.0/Libraries/STM32L1xx_StdPeriph_Driver/src/stm32l1xx_rtc.o
 *(.data*)
                0x2000003c                . = ALIGN (0x4)
                0x2000003c                _edata = .

.igot.plt       0x2000003c        0x0 load address 0x0800417c
 .igot.plt      0x00000000        0x0 ./startup/startup_stm32l1xx_md.o
                0x2000003c                . = ALIGN (0x4)

.bss            0x2000003c       0x10 load address 0x0800417c
                0x2000003c                _sbss = .
                0x2000003c                __bss_start__ = _sbss
 *(.bss)
 .bss           0x2000003c        0x0 ./startup/startup_stm32l1xx_md.o
 .bss           0x2000003c        0x8 ./src/main.o
                0x20000040                BlinkSpeed
 .bss           0x20000044        0x8 ./src/hal.o
 .bss           0x2000004c        0x0 ./src/stm32l1xx_it.o
 .bss           0x2000004c        0x0 ./src/system_stm32l1xx.o
 .bss           0x2000004c        0x0 /home/zbanks//STM32L1xx_StdPeriph_Lib_V1.2.0/Libraries/STM32L1xx_StdPeriph_Driver/src/misc.o
 .bss           0x2000004c        0x0 /home/zbanks//STM32L1xx_StdPeriph_Lib_V1.2.0/Libraries/STM32L1xx_StdPeriph_Driver/src/stm32l1xx_adc.o
 .bss           0x2000004c        0x0 /home/zbanks//STM32L1xx_StdPeriph_Lib_V1.2.0/Libraries/STM32L1xx_StdPeriph_Driver/src/stm32l1xx_dma.o
 .bss           0x2000004c        0x0 /home/zbanks//STM32L1xx_StdPeriph_Lib_V1.2.0/Libraries/STM32L1xx_StdPeriph_Driver/src/stm32l1xx_exti.o
 .bss           0x2000004c        0x0 /home/zbanks//STM32L1xx_StdPeriph_Lib_V1.2.0/Libraries/STM32L1xx_StdPeriph_Driver/src/stm32l1xx_gpio.o
 .bss           0x2000004c        0x0 /home/zbanks//STM32L1xx_StdPeriph_Lib_V1.2.0/Libraries/STM32L1xx_StdPeriph_Driver/src/stm32l1xx_syscfg.o
 .bss           0x2000004c        0x0 /home/zbanks//STM32L1xx_StdPeriph_Lib_V1.2.0/Libraries/STM32L1xx_StdPeriph_Driver/src/stm32l1xx_pwr.o
 .bss           0x2000004c        0x0 /home/zbanks//STM32L1xx_StdPeriph_Lib_V1.2.0/Libraries/STM32L1xx_StdPeriph_Driver/src/stm32l1xx_rcc.o
 .bss           0x2000004c        0x0 /home/zbanks//STM32L1xx_StdPeriph_Lib_V1.2.0/Libraries/STM32L1xx_StdPeriph_Driver/src/stm32l1xx_rtc.o
 *(.bss*)
 *(COMMON)
                0x2000004c                . = ALIGN (0x4)
                0x2000004c                _ebss = .
                0x2000004c                __bss_end__ = _ebss
                0x2000004c                PROVIDE (end, _ebss)
                0x2000004c                PROVIDE (_end, _ebss)

._user_heap_stack
                0x2000004c      0x400 load address 0x0800418c
                0x2000004c                . = ALIGN (0x4)
                0x2000024c                . = (. + _Min_Heap_Size)
 *fill*         0x2000004c      0x200 
                0x2000044c                . = (. + _Min_Stack_Size)
 *fill*         0x2000024c      0x200 
                0x2000044c                . = ALIGN (0x4)

.memory_b1_text
 *(.mb1text)
 *(.mb1text*)
 *(.mb1rodata)
 *(.mb1rodata*)

/DISCARD/
 libc.a(*)
 libm.a(*)
 libgcc.a(*)

.ARM.attributes
                0x00000000       0x2f
 *(.ARM.attributes)
 .ARM.attributes
                0x00000000       0x21 ./startup/startup_stm32l1xx_md.o
 .ARM.attributes
                0x00000021       0x33 ./src/main.o
 .ARM.attributes
                0x00000054       0x33 ./src/hal.o
 .ARM.attributes
                0x00000087       0x33 ./src/stm32l1xx_it.o
 .ARM.attributes
                0x000000ba       0x33 ./src/system_stm32l1xx.o
 .ARM.attributes
                0x000000ed       0x33 /home/zbanks//STM32L1xx_StdPeriph_Lib_V1.2.0/Libraries/STM32L1xx_StdPeriph_Driver/src/misc.o
 .ARM.attributes
                0x00000120       0x33 /home/zbanks//STM32L1xx_StdPeriph_Lib_V1.2.0/Libraries/STM32L1xx_StdPeriph_Driver/src/stm32l1xx_adc.o
 .ARM.attributes
                0x00000153       0x33 /home/zbanks//STM32L1xx_StdPeriph_Lib_V1.2.0/Libraries/STM32L1xx_StdPeriph_Driver/src/stm32l1xx_dma.o
 .ARM.attributes
                0x00000186       0x33 /home/zbanks//STM32L1xx_StdPeriph_Lib_V1.2.0/Libraries/STM32L1xx_StdPeriph_Driver/src/stm32l1xx_exti.o
 .ARM.attributes
                0x000001b9       0x33 /home/zbanks//STM32L1xx_StdPeriph_Lib_V1.2.0/Libraries/STM32L1xx_StdPeriph_Driver/src/stm32l1xx_gpio.o
 .ARM.attributes
                0x000001ec       0x33 /home/zbanks//STM32L1xx_StdPeriph_Lib_V1.2.0/Libraries/STM32L1xx_StdPeriph_Driver/src/stm32l1xx_syscfg.o
 .ARM.attributes
                0x0000021f       0x33 /home/zbanks//STM32L1xx_StdPeriph_Lib_V1.2.0/Libraries/STM32L1xx_StdPeriph_Driver/src/stm32l1xx_pwr.o
 .ARM.attributes
                0x00000252       0x33 /home/zbanks//STM32L1xx_StdPeriph_Lib_V1.2.0/Libraries/STM32L1xx_StdPeriph_Driver/src/stm32l1xx_rcc.o
 .ARM.attributes
                0x00000285       0x33 /home/zbanks//STM32L1xx_StdPeriph_Lib_V1.2.0/Libraries/STM32L1xx_StdPeriph_Driver/src/stm32l1xx_rtc.o
OUTPUT(hackboard_rom.elf elf32-littlearm)

.debug_line     0x00000000     0x196a
 .debug_line    0x00000000       0x7a ./startup/startup_stm32l1xx_md.o
 .debug_line    0x0000007a      0x15f ./src/main.o
 .debug_line    0x000001d9      0x16c ./src/hal.o
 .debug_line    0x00000345       0xc1 ./src/stm32l1xx_it.o
 .debug_line    0x00000406      0x10d ./src/system_stm32l1xx.o
 .debug_line    0x00000513      0x179 /home/zbanks//STM32L1xx_StdPeriph_Lib_V1.2.0/Libraries/STM32L1xx_StdPeriph_Driver/src/misc.o
 .debug_line    0x0000068c      0x2fb /home/zbanks//STM32L1xx_StdPeriph_Lib_V1.2.0/Libraries/STM32L1xx_StdPeriph_Driver/src/stm32l1xx_adc.o
 .debug_line    0x00000987      0x1ef /home/zbanks//STM32L1xx_StdPeriph_Lib_V1.2.0/Libraries/STM32L1xx_StdPeriph_Driver/src/stm32l1xx_dma.o
 .debug_line    0x00000b76      0x1a9 /home/zbanks//STM32L1xx_StdPeriph_Lib_V1.2.0/Libraries/STM32L1xx_StdPeriph_Driver/src/stm32l1xx_exti.o
 .debug_line    0x00000d1f      0x1f9 /home/zbanks//STM32L1xx_StdPeriph_Lib_V1.2.0/Libraries/STM32L1xx_StdPeriph_Driver/src/stm32l1xx_gpio.o
 .debug_line    0x00000f18      0x183 /home/zbanks//STM32L1xx_StdPeriph_Lib_V1.2.0/Libraries/STM32L1xx_StdPeriph_Driver/src/stm32l1xx_syscfg.o
 .debug_line    0x0000109b      0x19a /home/zbanks//STM32L1xx_StdPeriph_Lib_V1.2.0/Libraries/STM32L1xx_StdPeriph_Driver/src/stm32l1xx_pwr.o
 .debug_line    0x00001235      0x2a1 /home/zbanks//STM32L1xx_StdPeriph_Lib_V1.2.0/Libraries/STM32L1xx_StdPeriph_Driver/src/stm32l1xx_rcc.o
 .debug_line    0x000014d6      0x494 /home/zbanks//STM32L1xx_StdPeriph_Lib_V1.2.0/Libraries/STM32L1xx_StdPeriph_Driver/src/stm32l1xx_rtc.o

.debug_info     0x00000000     0x5df7
 .debug_info    0x00000000       0x63 ./startup/startup_stm32l1xx_md.o
 .debug_info    0x00000063      0x6e9 ./src/main.o
 .debug_info    0x0000074c      0x62b ./src/hal.o
 .debug_info    0x00000d77      0x14f ./src/stm32l1xx_it.o
 .debug_info    0x00000ec6      0x596 ./src/system_stm32l1xx.o
 .debug_info    0x0000145c      0x592 /home/zbanks//STM32L1xx_StdPeriph_Lib_V1.2.0/Libraries/STM32L1xx_StdPeriph_Driver/src/misc.o
 .debug_info    0x000019ee      0xd85 /home/zbanks//STM32L1xx_StdPeriph_Lib_V1.2.0/Libraries/STM32L1xx_StdPeriph_Driver/src/stm32l1xx_adc.o
 .debug_info    0x00002773      0x4b1 /home/zbanks//STM32L1xx_StdPeriph_Lib_V1.2.0/Libraries/STM32L1xx_StdPeriph_Driver/src/stm32l1xx_dma.o
 .debug_info    0x00002c24      0x363 /home/zbanks//STM32L1xx_StdPeriph_Lib_V1.2.0/Libraries/STM32L1xx_StdPeriph_Driver/src/stm32l1xx_exti.o
 .debug_info    0x00002f87      0x68b /home/zbanks//STM32L1xx_StdPeriph_Lib_V1.2.0/Libraries/STM32L1xx_StdPeriph_Driver/src/stm32l1xx_gpio.o
 .debug_info    0x00003612      0x461 /home/zbanks//STM32L1xx_StdPeriph_Lib_V1.2.0/Libraries/STM32L1xx_StdPeriph_Driver/src/stm32l1xx_syscfg.o
 .debug_info    0x00003a73      0x601 /home/zbanks//STM32L1xx_StdPeriph_Lib_V1.2.0/Libraries/STM32L1xx_StdPeriph_Driver/src/stm32l1xx_pwr.o
 .debug_info    0x00004074      0xac8 /home/zbanks//STM32L1xx_StdPeriph_Lib_V1.2.0/Libraries/STM32L1xx_StdPeriph_Driver/src/stm32l1xx_rcc.o
 .debug_info    0x00004b3c     0x12bb /home/zbanks//STM32L1xx_StdPeriph_Lib_V1.2.0/Libraries/STM32L1xx_StdPeriph_Driver/src/stm32l1xx_rtc.o

.debug_abbrev   0x00000000     0x1304
 .debug_abbrev  0x00000000       0x12 ./startup/startup_stm32l1xx_md.o
 .debug_abbrev  0x00000012      0x1b5 ./src/main.o
 .debug_abbrev  0x000001c7      0x165 ./src/hal.o
 .debug_abbrev  0x0000032c       0x7f ./src/stm32l1xx_it.o
 .debug_abbrev  0x000003ab      0x147 ./src/system_stm32l1xx.o
 .debug_abbrev  0x000004f2      0x129 /home/zbanks//STM32L1xx_StdPeriph_Lib_V1.2.0/Libraries/STM32L1xx_StdPeriph_Driver/src/misc.o
 .debug_abbrev  0x0000061b      0x180 /home/zbanks//STM32L1xx_StdPeriph_Lib_V1.2.0/Libraries/STM32L1xx_StdPeriph_Driver/src/stm32l1xx_adc.o
 .debug_abbrev  0x0000079b      0x157 /home/zbanks//STM32L1xx_StdPeriph_Lib_V1.2.0/Libraries/STM32L1xx_StdPeriph_Driver/src/stm32l1xx_dma.o
 .debug_abbrev  0x000008f2      0x1a7 /home/zbanks//STM32L1xx_StdPeriph_Lib_V1.2.0/Libraries/STM32L1xx_StdPeriph_Driver/src/stm32l1xx_exti.o
 .debug_abbrev  0x00000a99      0x1a5 /home/zbanks//STM32L1xx_StdPeriph_Lib_V1.2.0/Libraries/STM32L1xx_StdPeriph_Driver/src/stm32l1xx_gpio.o
 .debug_abbrev  0x00000c3e      0x178 /home/zbanks//STM32L1xx_StdPeriph_Lib_V1.2.0/Libraries/STM32L1xx_StdPeriph_Driver/src/stm32l1xx_syscfg.o
 .debug_abbrev  0x00000db6      0x1b9 /home/zbanks//STM32L1xx_StdPeriph_Lib_V1.2.0/Libraries/STM32L1xx_StdPeriph_Driver/src/stm32l1xx_pwr.o
 .debug_abbrev  0x00000f6f      0x1e5 /home/zbanks//STM32L1xx_StdPeriph_Lib_V1.2.0/Libraries/STM32L1xx_StdPeriph_Driver/src/stm32l1xx_rcc.o
 .debug_abbrev  0x00001154      0x1b0 /home/zbanks//STM32L1xx_StdPeriph_Lib_V1.2.0/Libraries/STM32L1xx_StdPeriph_Driver/src/stm32l1xx_rtc.o

.debug_aranges  0x00000000      0x1c8
 .debug_aranges
                0x00000000       0x28 ./startup/startup_stm32l1xx_md.o
 .debug_aranges
                0x00000028       0x20 ./src/main.o
 .debug_aranges
                0x00000048       0x20 ./src/hal.o
 .debug_aranges
                0x00000068       0x20 ./src/stm32l1xx_it.o
 .debug_aranges
                0x00000088       0x20 ./src/system_stm32l1xx.o
 .debug_aranges
                0x000000a8       0x20 /home/zbanks//STM32L1xx_StdPeriph_Lib_V1.2.0/Libraries/STM32L1xx_StdPeriph_Driver/src/misc.o
 .debug_aranges
                0x000000c8       0x20 /home/zbanks//STM32L1xx_StdPeriph_Lib_V1.2.0/Libraries/STM32L1xx_StdPeriph_Driver/src/stm32l1xx_adc.o
 .debug_aranges
                0x000000e8       0x20 /home/zbanks//STM32L1xx_StdPeriph_Lib_V1.2.0/Libraries/STM32L1xx_StdPeriph_Driver/src/stm32l1xx_dma.o
 .debug_aranges
                0x00000108       0x20 /home/zbanks//STM32L1xx_StdPeriph_Lib_V1.2.0/Libraries/STM32L1xx_StdPeriph_Driver/src/stm32l1xx_exti.o
 .debug_aranges
                0x00000128       0x20 /home/zbanks//STM32L1xx_StdPeriph_Lib_V1.2.0/Libraries/STM32L1xx_StdPeriph_Driver/src/stm32l1xx_gpio.o
 .debug_aranges
                0x00000148       0x20 /home/zbanks//STM32L1xx_StdPeriph_Lib_V1.2.0/Libraries/STM32L1xx_StdPeriph_Driver/src/stm32l1xx_syscfg.o
 .debug_aranges
                0x00000168       0x20 /home/zbanks//STM32L1xx_StdPeriph_Lib_V1.2.0/Libraries/STM32L1xx_StdPeriph_Driver/src/stm32l1xx_pwr.o
 .debug_aranges
                0x00000188       0x20 /home/zbanks//STM32L1xx_StdPeriph_Lib_V1.2.0/Libraries/STM32L1xx_StdPeriph_Driver/src/stm32l1xx_rcc.o
 .debug_aranges
                0x000001a8       0x20 /home/zbanks//STM32L1xx_StdPeriph_Lib_V1.2.0/Libraries/STM32L1xx_StdPeriph_Driver/src/stm32l1xx_rtc.o

.debug_ranges   0x00000000       0x20
 .debug_ranges  0x00000000       0x20 ./startup/startup_stm32l1xx_md.o

.debug_loc      0x00000000     0x19d4
 .debug_loc     0x00000000       0x98 ./src/main.o
 .debug_loc     0x00000098       0xd0 ./src/hal.o
 .debug_loc     0x00000168       0x20 ./src/stm32l1xx_it.o
 .debug_loc     0x00000188       0x60 ./src/system_stm32l1xx.o
 .debug_loc     0x000001e8       0xa0 /home/zbanks//STM32L1xx_StdPeriph_Lib_V1.2.0/Libraries/STM32L1xx_StdPeriph_Driver/src/misc.o
 .debug_loc     0x00000288      0x4cc /home/zbanks//STM32L1xx_StdPeriph_Lib_V1.2.0/Libraries/STM32L1xx_StdPeriph_Driver/src/stm32l1xx_adc.o
 .debug_loc     0x00000754      0x160 /home/zbanks//STM32L1xx_StdPeriph_Lib_V1.2.0/Libraries/STM32L1xx_StdPeriph_Driver/src/stm32l1xx_dma.o
 .debug_loc     0x000008b4       0xe0 /home/zbanks//STM32L1xx_StdPeriph_Lib_V1.2.0/Libraries/STM32L1xx_StdPeriph_Driver/src/stm32l1xx_exti.o
 .debug_loc     0x00000994      0x1cc /home/zbanks//STM32L1xx_StdPeriph_Lib_V1.2.0/Libraries/STM32L1xx_StdPeriph_Driver/src/stm32l1xx_gpio.o
 .debug_loc     0x00000b60      0x16c /home/zbanks//STM32L1xx_StdPeriph_Lib_V1.2.0/Libraries/STM32L1xx_StdPeriph_Driver/src/stm32l1xx_syscfg.o
 .debug_loc     0x00000ccc      0x1a0 /home/zbanks//STM32L1xx_StdPeriph_Lib_V1.2.0/Libraries/STM32L1xx_StdPeriph_Driver/src/stm32l1xx_pwr.o
 .debug_loc     0x00000e6c      0x46c /home/zbanks//STM32L1xx_StdPeriph_Lib_V1.2.0/Libraries/STM32L1xx_StdPeriph_Driver/src/stm32l1xx_rcc.o
 .debug_loc     0x000012d8      0x6fc /home/zbanks//STM32L1xx_StdPeriph_Lib_V1.2.0/Libraries/STM32L1xx_StdPeriph_Driver/src/stm32l1xx_rtc.o

.debug_str      0x00000000     0x2a4a
 .debug_str     0x00000000      0x5e9 ./src/main.o
                                0x639 (size before relaxing)
 .debug_str     0x000005e9      0x33c ./src/hal.o
                                0x520 (size before relaxing)
 .debug_str     0x00000925       0xa3 ./src/stm32l1xx_it.o
                                0x1f5 (size before relaxing)
 .debug_str     0x000009c8      0x156 ./src/system_stm32l1xx.o
                                0x334 (size before relaxing)
 .debug_str     0x00000b1e      0x1a3 /home/zbanks//STM32L1xx_StdPeriph_Lib_V1.2.0/Libraries/STM32L1xx_StdPeriph_Driver/src/misc.o
                                0x400 (size before relaxing)
 .debug_str     0x00000cc1      0x554 /home/zbanks//STM32L1xx_StdPeriph_Lib_V1.2.0/Libraries/STM32L1xx_StdPeriph_Driver/src/stm32l1xx_adc.o
                                0x81c (size before relaxing)
 .debug_str     0x00001215      0x241 /home/zbanks//STM32L1xx_StdPeriph_Lib_V1.2.0/Libraries/STM32L1xx_StdPeriph_Driver/src/stm32l1xx_dma.o
                                0x3f8 (size before relaxing)
 .debug_str     0x00001456      0x1ea /home/zbanks//STM32L1xx_StdPeriph_Lib_V1.2.0/Libraries/STM32L1xx_StdPeriph_Driver/src/stm32l1xx_exti.o
                                0x388 (size before relaxing)
 .debug_str     0x00001640      0x1ba /home/zbanks//STM32L1xx_StdPeriph_Lib_V1.2.0/Libraries/STM32L1xx_StdPeriph_Driver/src/stm32l1xx_gpio.o
                                0x4f2 (size before relaxing)
 .debug_str     0x000017fa      0x2a5 /home/zbanks//STM32L1xx_StdPeriph_Lib_V1.2.0/Libraries/STM32L1xx_StdPeriph_Driver/src/stm32l1xx_syscfg.o
                                0x440 (size before relaxing)
 .debug_str     0x00001a9f      0x1d2 /home/zbanks//STM32L1xx_StdPeriph_Lib_V1.2.0/Libraries/STM32L1xx_StdPeriph_Driver/src/stm32l1xx_pwr.o
                                0x3f2 (size before relaxing)
 .debug_str     0x00001c71      0x44a /home/zbanks//STM32L1xx_StdPeriph_Lib_V1.2.0/Libraries/STM32L1xx_StdPeriph_Driver/src/stm32l1xx_rcc.o
                                0x736 (size before relaxing)
 .debug_str     0x000020bb      0x98f /home/zbanks//STM32L1xx_StdPeriph_Lib_V1.2.0/Libraries/STM32L1xx_StdPeriph_Driver/src/stm32l1xx_rtc.o
                                0xb7e (size before relaxing)

.comment        0x00000000       0x70
 .comment       0x00000000       0x70 ./src/main.o
                                 0x71 (size before relaxing)
 .comment       0x00000000       0x71 ./src/hal.o
 .comment       0x00000000       0x71 ./src/stm32l1xx_it.o
 .comment       0x00000000       0x71 ./src/system_stm32l1xx.o
 .comment       0x00000000       0x71 /home/zbanks//STM32L1xx_StdPeriph_Lib_V1.2.0/Libraries/STM32L1xx_StdPeriph_Driver/src/misc.o
 .comment       0x00000000       0x71 /home/zbanks//STM32L1xx_StdPeriph_Lib_V1.2.0/Libraries/STM32L1xx_StdPeriph_Driver/src/stm32l1xx_adc.o
 .comment       0x00000000       0x71 /home/zbanks//STM32L1xx_StdPeriph_Lib_V1.2.0/Libraries/STM32L1xx_StdPeriph_Driver/src/stm32l1xx_dma.o
 .comment       0x00000000       0x71 /home/zbanks//STM32L1xx_StdPeriph_Lib_V1.2.0/Libraries/STM32L1xx_StdPeriph_Driver/src/stm32l1xx_exti.o
 .comment       0x00000000       0x71 /home/zbanks//STM32L1xx_StdPeriph_Lib_V1.2.0/Libraries/STM32L1xx_StdPeriph_Driver/src/stm32l1xx_gpio.o
 .comment       0x00000000       0x71 /home/zbanks//STM32L1xx_StdPeriph_Lib_V1.2.0/Libraries/STM32L1xx_StdPeriph_Driver/src/stm32l1xx_syscfg.o
 .comment       0x00000000       0x71 /home/zbanks//STM32L1xx_StdPeriph_Lib_V1.2.0/Libraries/STM32L1xx_StdPeriph_Driver/src/stm32l1xx_pwr.o
 .comment       0x00000000       0x71 /home/zbanks//STM32L1xx_StdPeriph_Lib_V1.2.0/Libraries/STM32L1xx_StdPeriph_Driver/src/stm32l1xx_rcc.o
 .comment       0x00000000       0x71 /home/zbanks//STM32L1xx_StdPeriph_Lib_V1.2.0/Libraries/STM32L1xx_StdPeriph_Driver/src/stm32l1xx_rtc.o

.debug_frame    0x00000000     0x1268
 .debug_frame   0x00000000       0x80 ./src/main.o
 .debug_frame   0x00000080       0x9c ./src/hal.o
 .debug_frame   0x0000011c       0xac ./src/stm32l1xx_it.o
 .debug_frame   0x000001c8       0x54 ./src/system_stm32l1xx.o
 .debug_frame   0x0000021c       0x74 /home/zbanks//STM32L1xx_StdPeriph_Lib_V1.2.0/Libraries/STM32L1xx_StdPeriph_Driver/src/misc.o
 .debug_frame   0x00000290      0x310 /home/zbanks//STM32L1xx_StdPeriph_Lib_V1.2.0/Libraries/STM32L1xx_StdPeriph_Driver/src/stm32l1xx_adc.o
 .debug_frame   0x000005a0       0xec /home/zbanks//STM32L1xx_StdPeriph_Lib_V1.2.0/Libraries/STM32L1xx_StdPeriph_Driver/src/stm32l1xx_dma.o
 .debug_frame   0x0000068c       0xac /home/zbanks//STM32L1xx_StdPeriph_Lib_V1.2.0/Libraries/STM32L1xx_StdPeriph_Driver/src/stm32l1xx_exti.o
 .debug_frame   0x00000738      0x130 /home/zbanks//STM32L1xx_StdPeriph_Lib_V1.2.0/Libraries/STM32L1xx_StdPeriph_Driver/src/stm32l1xx_gpio.o
 .debug_frame   0x00000868      0x11c /home/zbanks//STM32L1xx_StdPeriph_Lib_V1.2.0/Libraries/STM32L1xx_StdPeriph_Driver/src/stm32l1xx_syscfg.o
 .debug_frame   0x00000984      0x12c /home/zbanks//STM32L1xx_StdPeriph_Lib_V1.2.0/Libraries/STM32L1xx_StdPeriph_Driver/src/stm32l1xx_pwr.o
 .debug_frame   0x00000ab0      0x304 /home/zbanks//STM32L1xx_StdPeriph_Lib_V1.2.0/Libraries/STM32L1xx_StdPeriph_Driver/src/stm32l1xx_rcc.o
 .debug_frame   0x00000db4      0x4b4 /home/zbanks//STM32L1xx_StdPeriph_Lib_V1.2.0/Libraries/STM32L1xx_StdPeriph_Driver/src/stm32l1xx_rtc.o

Cross Reference Table

Symbol                                            File
ADC1_IRQHandler                                   ./startup/startup_stm32l1xx_md.o
ADC_AnalogWatchdogCmd                             /home/zbanks//STM32L1xx_StdPeriph_Lib_V1.2.0/Libraries/STM32L1xx_StdPeriph_Driver/src/stm32l1xx_adc.o
ADC_AnalogWatchdogSingleChannelConfig             /home/zbanks//STM32L1xx_StdPeriph_Lib_V1.2.0/Libraries/STM32L1xx_StdPeriph_Driver/src/stm32l1xx_adc.o
ADC_AnalogWatchdogThresholdsConfig                /home/zbanks//STM32L1xx_StdPeriph_Lib_V1.2.0/Libraries/STM32L1xx_StdPeriph_Driver/src/stm32l1xx_adc.o
ADC_AutoInjectedConvCmd                           /home/zbanks//STM32L1xx_StdPeriph_Lib_V1.2.0/Libraries/STM32L1xx_StdPeriph_Driver/src/stm32l1xx_adc.o
ADC_BankSelection                                 /home/zbanks//STM32L1xx_StdPeriph_Lib_V1.2.0/Libraries/STM32L1xx_StdPeriph_Driver/src/stm32l1xx_adc.o
ADC_ClearFlag                                     /home/zbanks//STM32L1xx_StdPeriph_Lib_V1.2.0/Libraries/STM32L1xx_StdPeriph_Driver/src/stm32l1xx_adc.o
ADC_ClearITPendingBit                             /home/zbanks//STM32L1xx_StdPeriph_Lib_V1.2.0/Libraries/STM32L1xx_StdPeriph_Driver/src/stm32l1xx_adc.o
ADC_Cmd                                           /home/zbanks//STM32L1xx_StdPeriph_Lib_V1.2.0/Libraries/STM32L1xx_StdPeriph_Driver/src/stm32l1xx_adc.o
                                                  ./src/hal.o
ADC_CommonInit                                    /home/zbanks//STM32L1xx_StdPeriph_Lib_V1.2.0/Libraries/STM32L1xx_StdPeriph_Driver/src/stm32l1xx_adc.o
ADC_CommonStructInit                              /home/zbanks//STM32L1xx_StdPeriph_Lib_V1.2.0/Libraries/STM32L1xx_StdPeriph_Driver/src/stm32l1xx_adc.o
ADC_ContinuousModeCmd                             /home/zbanks//STM32L1xx_StdPeriph_Lib_V1.2.0/Libraries/STM32L1xx_StdPeriph_Driver/src/stm32l1xx_adc.o
ADC_DMACmd                                        /home/zbanks//STM32L1xx_StdPeriph_Lib_V1.2.0/Libraries/STM32L1xx_StdPeriph_Driver/src/stm32l1xx_adc.o
ADC_DMARequestAfterLastTransferCmd                /home/zbanks//STM32L1xx_StdPeriph_Lib_V1.2.0/Libraries/STM32L1xx_StdPeriph_Driver/src/stm32l1xx_adc.o
ADC_DeInit                                        /home/zbanks//STM32L1xx_StdPeriph_Lib_V1.2.0/Libraries/STM32L1xx_StdPeriph_Driver/src/stm32l1xx_adc.o
                                                  ./src/hal.o
ADC_DelaySelectionConfig                          /home/zbanks//STM32L1xx_StdPeriph_Lib_V1.2.0/Libraries/STM32L1xx_StdPeriph_Driver/src/stm32l1xx_adc.o
ADC_DiscModeChannelCountConfig                    /home/zbanks//STM32L1xx_StdPeriph_Lib_V1.2.0/Libraries/STM32L1xx_StdPeriph_Driver/src/stm32l1xx_adc.o
ADC_DiscModeCmd                                   /home/zbanks//STM32L1xx_StdPeriph_Lib_V1.2.0/Libraries/STM32L1xx_StdPeriph_Driver/src/stm32l1xx_adc.o
ADC_EOCOnEachRegularChannelCmd                    /home/zbanks//STM32L1xx_StdPeriph_Lib_V1.2.0/Libraries/STM32L1xx_StdPeriph_Driver/src/stm32l1xx_adc.o
ADC_ExternalTrigInjectedConvConfig                /home/zbanks//STM32L1xx_StdPeriph_Lib_V1.2.0/Libraries/STM32L1xx_StdPeriph_Driver/src/stm32l1xx_adc.o
ADC_ExternalTrigInjectedConvEdgeConfig            /home/zbanks//STM32L1xx_StdPeriph_Lib_V1.2.0/Libraries/STM32L1xx_StdPeriph_Driver/src/stm32l1xx_adc.o
ADC_GetConversionValue                            /home/zbanks//STM32L1xx_StdPeriph_Lib_V1.2.0/Libraries/STM32L1xx_StdPeriph_Driver/src/stm32l1xx_adc.o
                                                  ./src/hal.o
ADC_GetFlagStatus                                 /home/zbanks//STM32L1xx_StdPeriph_Lib_V1.2.0/Libraries/STM32L1xx_StdPeriph_Driver/src/stm32l1xx_adc.o
                                                  ./src/hal.o
ADC_GetITStatus                                   /home/zbanks//STM32L1xx_StdPeriph_Lib_V1.2.0/Libraries/STM32L1xx_StdPeriph_Driver/src/stm32l1xx_adc.o
ADC_GetInjectedConversionValue                    /home/zbanks//STM32L1xx_StdPeriph_Lib_V1.2.0/Libraries/STM32L1xx_StdPeriph_Driver/src/stm32l1xx_adc.o
ADC_GetSoftwareStartConvStatus                    /home/zbanks//STM32L1xx_StdPeriph_Lib_V1.2.0/Libraries/STM32L1xx_StdPeriph_Driver/src/stm32l1xx_adc.o
ADC_GetSoftwareStartInjectedConvCmdStatus         /home/zbanks//STM32L1xx_StdPeriph_Lib_V1.2.0/Libraries/STM32L1xx_StdPeriph_Driver/src/stm32l1xx_adc.o
ADC_ITConfig                                      /home/zbanks//STM32L1xx_StdPeriph_Lib_V1.2.0/Libraries/STM32L1xx_StdPeriph_Driver/src/stm32l1xx_adc.o
ADC_Init                                          /home/zbanks//STM32L1xx_StdPeriph_Lib_V1.2.0/Libraries/STM32L1xx_StdPeriph_Driver/src/stm32l1xx_adc.o
                                                  ./src/hal.o
ADC_InjectedChannelConfig                         /home/zbanks//STM32L1xx_StdPeriph_Lib_V1.2.0/Libraries/STM32L1xx_StdPeriph_Driver/src/stm32l1xx_adc.o
ADC_InjectedDiscModeCmd                           /home/zbanks//STM32L1xx_StdPeriph_Lib_V1.2.0/Libraries/STM32L1xx_StdPeriph_Driver/src/stm32l1xx_adc.o
ADC_InjectedSequencerLengthConfig                 /home/zbanks//STM32L1xx_StdPeriph_Lib_V1.2.0/Libraries/STM32L1xx_StdPeriph_Driver/src/stm32l1xx_adc.o
ADC_PowerDownCmd                                  /home/zbanks//STM32L1xx_StdPeriph_Lib_V1.2.0/Libraries/STM32L1xx_StdPeriph_Driver/src/stm32l1xx_adc.o
ADC_RegularChannelConfig                          /home/zbanks//STM32L1xx_StdPeriph_Lib_V1.2.0/Libraries/STM32L1xx_StdPeriph_Driver/src/stm32l1xx_adc.o
                                                  ./src/hal.o
ADC_SetInjectedOffset                             /home/zbanks//STM32L1xx_StdPeriph_Lib_V1.2.0/Libraries/STM32L1xx_StdPeriph_Driver/src/stm32l1xx_adc.o
ADC_SoftwareStartConv                             /home/zbanks//STM32L1xx_StdPeriph_Lib_V1.2.0/Libraries/STM32L1xx_StdPeriph_Driver/src/stm32l1xx_adc.o
                                                  ./src/hal.o
ADC_SoftwareStartInjectedConv                     /home/zbanks//STM32L1xx_StdPeriph_Lib_V1.2.0/Libraries/STM32L1xx_StdPeriph_Driver/src/stm32l1xx_adc.o
ADC_StructInit                                    /home/zbanks//STM32L1xx_StdPeriph_Lib_V1.2.0/Libraries/STM32L1xx_StdPeriph_Driver/src/stm32l1xx_adc.o
                                                  ./src/hal.o
ADC_TempSensorVrefintCmd                          /home/zbanks//STM32L1xx_StdPeriph_Lib_V1.2.0/Libraries/STM32L1xx_StdPeriph_Driver/src/stm32l1xx_adc.o
                                                  ./src/hal.o
AHBPrescTable                                     ./src/system_stm32l1xx.o
BlinkSpeed                                        ./src/main.o
BusFault_Handler                                  ./src/stm32l1xx_it.o
                                                  ./startup/startup_stm32l1xx_md.o
COMP_IRQHandler                                   ./startup/startup_stm32l1xx_md.o
DAC_IRQHandler                                    ./startup/startup_stm32l1xx_md.o
DMA1_Channel1_IRQHandler                          ./startup/startup_stm32l1xx_md.o
DMA1_Channel2_IRQHandler                          ./startup/startup_stm32l1xx_md.o
DMA1_Channel3_IRQHandler                          ./startup/startup_stm32l1xx_md.o
DMA1_Channel4_IRQHandler                          ./startup/startup_stm32l1xx_md.o
DMA1_Channel5_IRQHandler                          ./startup/startup_stm32l1xx_md.o
DMA1_Channel6_IRQHandler                          ./startup/startup_stm32l1xx_md.o
DMA1_Channel7_IRQHandler                          ./startup/startup_stm32l1xx_md.o
DMA_ClearFlag                                     /home/zbanks//STM32L1xx_StdPeriph_Lib_V1.2.0/Libraries/STM32L1xx_StdPeriph_Driver/src/stm32l1xx_dma.o
DMA_ClearITPendingBit                             /home/zbanks//STM32L1xx_StdPeriph_Lib_V1.2.0/Libraries/STM32L1xx_StdPeriph_Driver/src/stm32l1xx_dma.o
DMA_Cmd                                           /home/zbanks//STM32L1xx_StdPeriph_Lib_V1.2.0/Libraries/STM32L1xx_StdPeriph_Driver/src/stm32l1xx_dma.o
DMA_DeInit                                        /home/zbanks//STM32L1xx_StdPeriph_Lib_V1.2.0/Libraries/STM32L1xx_StdPeriph_Driver/src/stm32l1xx_dma.o
DMA_GetCurrDataCounter                            /home/zbanks//STM32L1xx_StdPeriph_Lib_V1.2.0/Libraries/STM32L1xx_StdPeriph_Driver/src/stm32l1xx_dma.o
DMA_GetFlagStatus                                 /home/zbanks//STM32L1xx_StdPeriph_Lib_V1.2.0/Libraries/STM32L1xx_StdPeriph_Driver/src/stm32l1xx_dma.o
DMA_GetITStatus                                   /home/zbanks//STM32L1xx_StdPeriph_Lib_V1.2.0/Libraries/STM32L1xx_StdPeriph_Driver/src/stm32l1xx_dma.o
DMA_ITConfig                                      /home/zbanks//STM32L1xx_StdPeriph_Lib_V1.2.0/Libraries/STM32L1xx_StdPeriph_Driver/src/stm32l1xx_dma.o
DMA_Init                                          /home/zbanks//STM32L1xx_StdPeriph_Lib_V1.2.0/Libraries/STM32L1xx_StdPeriph_Driver/src/stm32l1xx_dma.o
DMA_SetCurrDataCounter                            /home/zbanks//STM32L1xx_StdPeriph_Lib_V1.2.0/Libraries/STM32L1xx_StdPeriph_Driver/src/stm32l1xx_dma.o
DMA_StructInit                                    /home/zbanks//STM32L1xx_StdPeriph_Lib_V1.2.0/Libraries/STM32L1xx_StdPeriph_Driver/src/stm32l1xx_dma.o
DebugMon_Handler                                  ./src/stm32l1xx_it.o
                                                  ./startup/startup_stm32l1xx_md.o
Default_Handler                                   ./startup/startup_stm32l1xx_md.o
Delay                                             ./src/main.o
EXTI0_IRQHandler                                  ./startup/startup_stm32l1xx_md.o
EXTI15_10_IRQHandler                              ./startup/startup_stm32l1xx_md.o
EXTI1_IRQHandler                                  ./startup/startup_stm32l1xx_md.o
EXTI2_IRQHandler                                  ./startup/startup_stm32l1xx_md.o
EXTI3_IRQHandler                                  ./startup/startup_stm32l1xx_md.o
EXTI4_IRQHandler                                  ./startup/startup_stm32l1xx_md.o
EXTI9_5_IRQHandler                                ./startup/startup_stm32l1xx_md.o
EXTI_ClearFlag                                    /home/zbanks//STM32L1xx_StdPeriph_Lib_V1.2.0/Libraries/STM32L1xx_StdPeriph_Driver/src/stm32l1xx_exti.o
EXTI_ClearITPendingBit                            /home/zbanks//STM32L1xx_StdPeriph_Lib_V1.2.0/Libraries/STM32L1xx_StdPeriph_Driver/src/stm32l1xx_exti.o
EXTI_DeInit                                       /home/zbanks//STM32L1xx_StdPeriph_Lib_V1.2.0/Libraries/STM32L1xx_StdPeriph_Driver/src/stm32l1xx_exti.o
EXTI_GenerateSWInterrupt                          /home/zbanks//STM32L1xx_StdPeriph_Lib_V1.2.0/Libraries/STM32L1xx_StdPeriph_Driver/src/stm32l1xx_exti.o
EXTI_GetFlagStatus                                /home/zbanks//STM32L1xx_StdPeriph_Lib_V1.2.0/Libraries/STM32L1xx_StdPeriph_Driver/src/stm32l1xx_exti.o
EXTI_GetITStatus                                  /home/zbanks//STM32L1xx_StdPeriph_Lib_V1.2.0/Libraries/STM32L1xx_StdPeriph_Driver/src/stm32l1xx_exti.o
EXTI_Init                                         /home/zbanks//STM32L1xx_StdPeriph_Lib_V1.2.0/Libraries/STM32L1xx_StdPeriph_Driver/src/stm32l1xx_exti.o
EXTI_StructInit                                   /home/zbanks//STM32L1xx_StdPeriph_Lib_V1.2.0/Libraries/STM32L1xx_StdPeriph_Driver/src/stm32l1xx_exti.o
FLASH_IRQHandler                                  ./startup/startup_stm32l1xx_md.o
GPIO_DeInit                                       /home/zbanks//STM32L1xx_StdPeriph_Lib_V1.2.0/Libraries/STM32L1xx_StdPeriph_Driver/src/stm32l1xx_gpio.o
GPIO_Init                                         /home/zbanks//STM32L1xx_StdPeriph_Lib_V1.2.0/Libraries/STM32L1xx_StdPeriph_Driver/src/stm32l1xx_gpio.o
                                                  ./src/hal.o
GPIO_PinAFConfig                                  /home/zbanks//STM32L1xx_StdPeriph_Lib_V1.2.0/Libraries/STM32L1xx_StdPeriph_Driver/src/stm32l1xx_gpio.o
GPIO_PinLockConfig                                /home/zbanks//STM32L1xx_StdPeriph_Lib_V1.2.0/Libraries/STM32L1xx_StdPeriph_Driver/src/stm32l1xx_gpio.o
GPIO_ReadInputData                                /home/zbanks//STM32L1xx_StdPeriph_Lib_V1.2.0/Libraries/STM32L1xx_StdPeriph_Driver/src/stm32l1xx_gpio.o
GPIO_ReadInputDataBit                             /home/zbanks//STM32L1xx_StdPeriph_Lib_V1.2.0/Libraries/STM32L1xx_StdPeriph_Driver/src/stm32l1xx_gpio.o
GPIO_ReadOutputData                               /home/zbanks//STM32L1xx_StdPeriph_Lib_V1.2.0/Libraries/STM32L1xx_StdPeriph_Driver/src/stm32l1xx_gpio.o
GPIO_ReadOutputDataBit                            /home/zbanks//STM32L1xx_StdPeriph_Lib_V1.2.0/Libraries/STM32L1xx_StdPeriph_Driver/src/stm32l1xx_gpio.o
GPIO_ResetBits                                    /home/zbanks//STM32L1xx_StdPeriph_Lib_V1.2.0/Libraries/STM32L1xx_StdPeriph_Driver/src/stm32l1xx_gpio.o
GPIO_SetBits                                      /home/zbanks//STM32L1xx_StdPeriph_Lib_V1.2.0/Libraries/STM32L1xx_StdPeriph_Driver/src/stm32l1xx_gpio.o
GPIO_StructInit                                   /home/zbanks//STM32L1xx_StdPeriph_Lib_V1.2.0/Libraries/STM32L1xx_StdPeriph_Driver/src/stm32l1xx_gpio.o
                                                  ./src/hal.o
GPIO_ToggleBits                                   /home/zbanks//STM32L1xx_StdPeriph_Lib_V1.2.0/Libraries/STM32L1xx_StdPeriph_Driver/src/stm32l1xx_gpio.o
GPIO_Write                                        /home/zbanks//STM32L1xx_StdPeriph_Lib_V1.2.0/Libraries/STM32L1xx_StdPeriph_Driver/src/stm32l1xx_gpio.o
GPIO_WriteBit                                     /home/zbanks//STM32L1xx_StdPeriph_Lib_V1.2.0/Libraries/STM32L1xx_StdPeriph_Driver/src/stm32l1xx_gpio.o
                                                  ./src/hal.o
HardFault_Handler                                 ./src/stm32l1xx_it.o
                                                  ./startup/startup_stm32l1xx_md.o
I2C1_ER_IRQHandler                                ./startup/startup_stm32l1xx_md.o
I2C1_EV_IRQHandler                                ./startup/startup_stm32l1xx_md.o
I2C2_ER_IRQHandler                                ./startup/startup_stm32l1xx_md.o
I2C2_EV_IRQHandler                                ./startup/startup_stm32l1xx_md.o
LCD_IRQHandler                                    ./startup/startup_stm32l1xx_md.o
MemManage_Handler                                 ./src/stm32l1xx_it.o
                                                  ./startup/startup_stm32l1xx_md.o
NMI_Handler                                       ./src/stm32l1xx_it.o
                                                  ./startup/startup_stm32l1xx_md.o
NVIC_Init                                         /home/zbanks//STM32L1xx_StdPeriph_Lib_V1.2.0/Libraries/STM32L1xx_StdPeriph_Driver/src/misc.o
NVIC_PriorityGroupConfig                          /home/zbanks//STM32L1xx_StdPeriph_Lib_V1.2.0/Libraries/STM32L1xx_StdPeriph_Driver/src/misc.o
NVIC_SetVectorTable                               /home/zbanks//STM32L1xx_StdPeriph_Lib_V1.2.0/Libraries/STM32L1xx_StdPeriph_Driver/src/misc.o
NVIC_SystemLPConfig                               /home/zbanks//STM32L1xx_StdPeriph_Lib_V1.2.0/Libraries/STM32L1xx_StdPeriph_Driver/src/misc.o
PLLMulTable                                       ./src/system_stm32l1xx.o
PVD_IRQHandler                                    ./startup/startup_stm32l1xx_md.o
PWR_ClearFlag                                     /home/zbanks//STM32L1xx_StdPeriph_Lib_V1.2.0/Libraries/STM32L1xx_StdPeriph_Driver/src/stm32l1xx_pwr.o
PWR_DeInit                                        /home/zbanks//STM32L1xx_StdPeriph_Lib_V1.2.0/Libraries/STM32L1xx_StdPeriph_Driver/src/stm32l1xx_pwr.o
PWR_EnterLowPowerRunMode                          /home/zbanks//STM32L1xx_StdPeriph_Lib_V1.2.0/Libraries/STM32L1xx_StdPeriph_Driver/src/stm32l1xx_pwr.o
PWR_EnterSTANDBYMode                              /home/zbanks//STM32L1xx_StdPeriph_Lib_V1.2.0/Libraries/STM32L1xx_StdPeriph_Driver/src/stm32l1xx_pwr.o
PWR_EnterSTOPMode                                 /home/zbanks//STM32L1xx_StdPeriph_Lib_V1.2.0/Libraries/STM32L1xx_StdPeriph_Driver/src/stm32l1xx_pwr.o
PWR_EnterSleepMode                                /home/zbanks//STM32L1xx_StdPeriph_Lib_V1.2.0/Libraries/STM32L1xx_StdPeriph_Driver/src/stm32l1xx_pwr.o
PWR_FastWakeUpCmd                                 /home/zbanks//STM32L1xx_StdPeriph_Lib_V1.2.0/Libraries/STM32L1xx_StdPeriph_Driver/src/stm32l1xx_pwr.o
PWR_GetFlagStatus                                 /home/zbanks//STM32L1xx_StdPeriph_Lib_V1.2.0/Libraries/STM32L1xx_StdPeriph_Driver/src/stm32l1xx_pwr.o
PWR_PVDCmd                                        /home/zbanks//STM32L1xx_StdPeriph_Lib_V1.2.0/Libraries/STM32L1xx_StdPeriph_Driver/src/stm32l1xx_pwr.o
PWR_PVDLevelConfig                                /home/zbanks//STM32L1xx_StdPeriph_Lib_V1.2.0/Libraries/STM32L1xx_StdPeriph_Driver/src/stm32l1xx_pwr.o
PWR_RTCAccessCmd                                  /home/zbanks//STM32L1xx_StdPeriph_Lib_V1.2.0/Libraries/STM32L1xx_StdPeriph_Driver/src/stm32l1xx_pwr.o
PWR_UltraLowPowerCmd                              /home/zbanks//STM32L1xx_StdPeriph_Lib_V1.2.0/Libraries/STM32L1xx_StdPeriph_Driver/src/stm32l1xx_pwr.o
PWR_VoltageScalingConfig                          /home/zbanks//STM32L1xx_StdPeriph_Lib_V1.2.0/Libraries/STM32L1xx_StdPeriph_Driver/src/stm32l1xx_pwr.o
PWR_WakeUpPinCmd                                  /home/zbanks//STM32L1xx_StdPeriph_Lib_V1.2.0/Libraries/STM32L1xx_StdPeriph_Driver/src/stm32l1xx_pwr.o
PendSV_Handler                                    ./src/stm32l1xx_it.o
                                                  ./startup/startup_stm32l1xx_md.o
RCC_AHBPeriphClockCmd                             /home/zbanks//STM32L1xx_StdPeriph_Lib_V1.2.0/Libraries/STM32L1xx_StdPeriph_Driver/src/stm32l1xx_rcc.o
                                                  ./src/hal.o
RCC_AHBPeriphClockLPModeCmd                       /home/zbanks//STM32L1xx_StdPeriph_Lib_V1.2.0/Libraries/STM32L1xx_StdPeriph_Driver/src/stm32l1xx_rcc.o
RCC_AHBPeriphResetCmd                             /home/zbanks//STM32L1xx_StdPeriph_Lib_V1.2.0/Libraries/STM32L1xx_StdPeriph_Driver/src/stm32l1xx_rcc.o
                                                  /home/zbanks//STM32L1xx_StdPeriph_Lib_V1.2.0/Libraries/STM32L1xx_StdPeriph_Driver/src/stm32l1xx_gpio.o
RCC_APB1PeriphClockCmd                            /home/zbanks//STM32L1xx_StdPeriph_Lib_V1.2.0/Libraries/STM32L1xx_StdPeriph_Driver/src/stm32l1xx_rcc.o
RCC_APB1PeriphClockLPModeCmd                      /home/zbanks//STM32L1xx_StdPeriph_Lib_V1.2.0/Libraries/STM32L1xx_StdPeriph_Driver/src/stm32l1xx_rcc.o
RCC_APB1PeriphResetCmd                            /home/zbanks//STM32L1xx_StdPeriph_Lib_V1.2.0/Libraries/STM32L1xx_StdPeriph_Driver/src/stm32l1xx_rcc.o
                                                  /home/zbanks//STM32L1xx_StdPeriph_Lib_V1.2.0/Libraries/STM32L1xx_StdPeriph_Driver/src/stm32l1xx_pwr.o
RCC_APB2PeriphClockCmd                            /home/zbanks//STM32L1xx_StdPeriph_Lib_V1.2.0/Libraries/STM32L1xx_StdPeriph_Driver/src/stm32l1xx_rcc.o
                                                  ./src/hal.o
RCC_APB2PeriphClockLPModeCmd                      /home/zbanks//STM32L1xx_StdPeriph_Lib_V1.2.0/Libraries/STM32L1xx_StdPeriph_Driver/src/stm32l1xx_rcc.o
RCC_APB2PeriphResetCmd                            /home/zbanks//STM32L1xx_StdPeriph_Lib_V1.2.0/Libraries/STM32L1xx_StdPeriph_Driver/src/stm32l1xx_rcc.o
                                                  /home/zbanks//STM32L1xx_StdPeriph_Lib_V1.2.0/Libraries/STM32L1xx_StdPeriph_Driver/src/stm32l1xx_syscfg.o
                                                  /home/zbanks//STM32L1xx_StdPeriph_Lib_V1.2.0/Libraries/STM32L1xx_StdPeriph_Driver/src/stm32l1xx_adc.o
RCC_AdjustHSICalibrationValue                     /home/zbanks//STM32L1xx_StdPeriph_Lib_V1.2.0/Libraries/STM32L1xx_StdPeriph_Driver/src/stm32l1xx_rcc.o
RCC_AdjustMSICalibrationValue                     /home/zbanks//STM32L1xx_StdPeriph_Lib_V1.2.0/Libraries/STM32L1xx_StdPeriph_Driver/src/stm32l1xx_rcc.o
RCC_ClearFlag                                     /home/zbanks//STM32L1xx_StdPeriph_Lib_V1.2.0/Libraries/STM32L1xx_StdPeriph_Driver/src/stm32l1xx_rcc.o
RCC_ClearITPendingBit                             /home/zbanks//STM32L1xx_StdPeriph_Lib_V1.2.0/Libraries/STM32L1xx_StdPeriph_Driver/src/stm32l1xx_rcc.o
RCC_ClockSecuritySystemCmd                        /home/zbanks//STM32L1xx_StdPeriph_Lib_V1.2.0/Libraries/STM32L1xx_StdPeriph_Driver/src/stm32l1xx_rcc.o
RCC_DeInit                                        /home/zbanks//STM32L1xx_StdPeriph_Lib_V1.2.0/Libraries/STM32L1xx_StdPeriph_Driver/src/stm32l1xx_rcc.o
RCC_GetClocksFreq                                 /home/zbanks//STM32L1xx_StdPeriph_Lib_V1.2.0/Libraries/STM32L1xx_StdPeriph_Driver/src/stm32l1xx_rcc.o
                                                  ./src/main.o
RCC_GetFlagStatus                                 /home/zbanks//STM32L1xx_StdPeriph_Lib_V1.2.0/Libraries/STM32L1xx_StdPeriph_Driver/src/stm32l1xx_rcc.o
RCC_GetITStatus                                   /home/zbanks//STM32L1xx_StdPeriph_Lib_V1.2.0/Libraries/STM32L1xx_StdPeriph_Driver/src/stm32l1xx_rcc.o
RCC_GetSYSCLKSource                               /home/zbanks//STM32L1xx_StdPeriph_Lib_V1.2.0/Libraries/STM32L1xx_StdPeriph_Driver/src/stm32l1xx_rcc.o
RCC_HCLKConfig                                    /home/zbanks//STM32L1xx_StdPeriph_Lib_V1.2.0/Libraries/STM32L1xx_StdPeriph_Driver/src/stm32l1xx_rcc.o
RCC_HSEConfig                                     /home/zbanks//STM32L1xx_StdPeriph_Lib_V1.2.0/Libraries/STM32L1xx_StdPeriph_Driver/src/stm32l1xx_rcc.o
RCC_HSICmd                                        /home/zbanks//STM32L1xx_StdPeriph_Lib_V1.2.0/Libraries/STM32L1xx_StdPeriph_Driver/src/stm32l1xx_rcc.o
RCC_IRQHandler                                    ./startup/startup_stm32l1xx_md.o
RCC_ITConfig                                      /home/zbanks//STM32L1xx_StdPeriph_Lib_V1.2.0/Libraries/STM32L1xx_StdPeriph_Driver/src/stm32l1xx_rcc.o
RCC_LSEClockSecuritySystemCmd                     /home/zbanks//STM32L1xx_StdPeriph_Lib_V1.2.0/Libraries/STM32L1xx_StdPeriph_Driver/src/stm32l1xx_rcc.o
RCC_LSEConfig                                     /home/zbanks//STM32L1xx_StdPeriph_Lib_V1.2.0/Libraries/STM32L1xx_StdPeriph_Driver/src/stm32l1xx_rcc.o
RCC_LSICmd                                        /home/zbanks//STM32L1xx_StdPeriph_Lib_V1.2.0/Libraries/STM32L1xx_StdPeriph_Driver/src/stm32l1xx_rcc.o
RCC_MCOConfig                                     /home/zbanks//STM32L1xx_StdPeriph_Lib_V1.2.0/Libraries/STM32L1xx_StdPeriph_Driver/src/stm32l1xx_rcc.o
RCC_MSICmd                                        /home/zbanks//STM32L1xx_StdPeriph_Lib_V1.2.0/Libraries/STM32L1xx_StdPeriph_Driver/src/stm32l1xx_rcc.o
RCC_MSIRangeConfig                                /home/zbanks//STM32L1xx_StdPeriph_Lib_V1.2.0/Libraries/STM32L1xx_StdPeriph_Driver/src/stm32l1xx_rcc.o
RCC_PCLK1Config                                   /home/zbanks//STM32L1xx_StdPeriph_Lib_V1.2.0/Libraries/STM32L1xx_StdPeriph_Driver/src/stm32l1xx_rcc.o
RCC_PCLK2Config                                   /home/zbanks//STM32L1xx_StdPeriph_Lib_V1.2.0/Libraries/STM32L1xx_StdPeriph_Driver/src/stm32l1xx_rcc.o
RCC_PLLCmd                                        /home/zbanks//STM32L1xx_StdPeriph_Lib_V1.2.0/Libraries/STM32L1xx_StdPeriph_Driver/src/stm32l1xx_rcc.o
RCC_PLLConfig                                     /home/zbanks//STM32L1xx_StdPeriph_Lib_V1.2.0/Libraries/STM32L1xx_StdPeriph_Driver/src/stm32l1xx_rcc.o
RCC_RTCCLKCmd                                     /home/zbanks//STM32L1xx_StdPeriph_Lib_V1.2.0/Libraries/STM32L1xx_StdPeriph_Driver/src/stm32l1xx_rcc.o
RCC_RTCCLKConfig                                  /home/zbanks//STM32L1xx_StdPeriph_Lib_V1.2.0/Libraries/STM32L1xx_StdPeriph_Driver/src/stm32l1xx_rcc.o
RCC_RTCResetCmd                                   /home/zbanks//STM32L1xx_StdPeriph_Lib_V1.2.0/Libraries/STM32L1xx_StdPeriph_Driver/src/stm32l1xx_rcc.o
RCC_SYSCLKConfig                                  /home/zbanks//STM32L1xx_StdPeriph_Lib_V1.2.0/Libraries/STM32L1xx_StdPeriph_Driver/src/stm32l1xx_rcc.o
RCC_WaitForHSEStartUp                             /home/zbanks//STM32L1xx_StdPeriph_Lib_V1.2.0/Libraries/STM32L1xx_StdPeriph_Driver/src/stm32l1xx_rcc.o
RTC_AlarmCmd                                      /home/zbanks//STM32L1xx_StdPeriph_Lib_V1.2.0/Libraries/STM32L1xx_StdPeriph_Driver/src/stm32l1xx_rtc.o
RTC_AlarmStructInit                               /home/zbanks//STM32L1xx_StdPeriph_Lib_V1.2.0/Libraries/STM32L1xx_StdPeriph_Driver/src/stm32l1xx_rtc.o
RTC_AlarmSubSecondConfig                          /home/zbanks//STM32L1xx_StdPeriph_Lib_V1.2.0/Libraries/STM32L1xx_StdPeriph_Driver/src/stm32l1xx_rtc.o
RTC_Alarm_IRQHandler                              ./startup/startup_stm32l1xx_md.o
RTC_BypassShadowCmd                               /home/zbanks//STM32L1xx_StdPeriph_Lib_V1.2.0/Libraries/STM32L1xx_StdPeriph_Driver/src/stm32l1xx_rtc.o
RTC_CalibOutputCmd                                /home/zbanks//STM32L1xx_StdPeriph_Lib_V1.2.0/Libraries/STM32L1xx_StdPeriph_Driver/src/stm32l1xx_rtc.o
RTC_CalibOutputConfig                             /home/zbanks//STM32L1xx_StdPeriph_Lib_V1.2.0/Libraries/STM32L1xx_StdPeriph_Driver/src/stm32l1xx_rtc.o
RTC_ClearFlag                                     /home/zbanks//STM32L1xx_StdPeriph_Lib_V1.2.0/Libraries/STM32L1xx_StdPeriph_Driver/src/stm32l1xx_rtc.o
RTC_ClearITPendingBit                             /home/zbanks//STM32L1xx_StdPeriph_Lib_V1.2.0/Libraries/STM32L1xx_StdPeriph_Driver/src/stm32l1xx_rtc.o
RTC_CoarseCalibCmd                                /home/zbanks//STM32L1xx_StdPeriph_Lib_V1.2.0/Libraries/STM32L1xx_StdPeriph_Driver/src/stm32l1xx_rtc.o
RTC_CoarseCalibConfig                             /home/zbanks//STM32L1xx_StdPeriph_Lib_V1.2.0/Libraries/STM32L1xx_StdPeriph_Driver/src/stm32l1xx_rtc.o
RTC_DateStructInit                                /home/zbanks//STM32L1xx_StdPeriph_Lib_V1.2.0/Libraries/STM32L1xx_StdPeriph_Driver/src/stm32l1xx_rtc.o
RTC_DayLightSavingConfig                          /home/zbanks//STM32L1xx_StdPeriph_Lib_V1.2.0/Libraries/STM32L1xx_StdPeriph_Driver/src/stm32l1xx_rtc.o
RTC_DeInit                                        /home/zbanks//STM32L1xx_StdPeriph_Lib_V1.2.0/Libraries/STM32L1xx_StdPeriph_Driver/src/stm32l1xx_rtc.o
RTC_EnterInitMode                                 /home/zbanks//STM32L1xx_StdPeriph_Lib_V1.2.0/Libraries/STM32L1xx_StdPeriph_Driver/src/stm32l1xx_rtc.o
RTC_ExitInitMode                                  /home/zbanks//STM32L1xx_StdPeriph_Lib_V1.2.0/Libraries/STM32L1xx_StdPeriph_Driver/src/stm32l1xx_rtc.o
RTC_GetAlarm                                      /home/zbanks//STM32L1xx_StdPeriph_Lib_V1.2.0/Libraries/STM32L1xx_StdPeriph_Driver/src/stm32l1xx_rtc.o
RTC_GetAlarmSubSecond                             /home/zbanks//STM32L1xx_StdPeriph_Lib_V1.2.0/Libraries/STM32L1xx_StdPeriph_Driver/src/stm32l1xx_rtc.o
RTC_GetDate                                       /home/zbanks//STM32L1xx_StdPeriph_Lib_V1.2.0/Libraries/STM32L1xx_StdPeriph_Driver/src/stm32l1xx_rtc.o
RTC_GetFlagStatus                                 /home/zbanks//STM32L1xx_StdPeriph_Lib_V1.2.0/Libraries/STM32L1xx_StdPeriph_Driver/src/stm32l1xx_rtc.o
RTC_GetITStatus                                   /home/zbanks//STM32L1xx_StdPeriph_Lib_V1.2.0/Libraries/STM32L1xx_StdPeriph_Driver/src/stm32l1xx_rtc.o
RTC_GetStoreOperation                             /home/zbanks//STM32L1xx_StdPeriph_Lib_V1.2.0/Libraries/STM32L1xx_StdPeriph_Driver/src/stm32l1xx_rtc.o
RTC_GetSubSecond                                  /home/zbanks//STM32L1xx_StdPeriph_Lib_V1.2.0/Libraries/STM32L1xx_StdPeriph_Driver/src/stm32l1xx_rtc.o
RTC_GetTime                                       /home/zbanks//STM32L1xx_StdPeriph_Lib_V1.2.0/Libraries/STM32L1xx_StdPeriph_Driver/src/stm32l1xx_rtc.o
RTC_GetTimeStamp                                  /home/zbanks//STM32L1xx_StdPeriph_Lib_V1.2.0/Libraries/STM32L1xx_StdPeriph_Driver/src/stm32l1xx_rtc.o
RTC_GetTimeStampSubSecond                         /home/zbanks//STM32L1xx_StdPeriph_Lib_V1.2.0/Libraries/STM32L1xx_StdPeriph_Driver/src/stm32l1xx_rtc.o
RTC_GetWakeUpCounter                              /home/zbanks//STM32L1xx_StdPeriph_Lib_V1.2.0/Libraries/STM32L1xx_StdPeriph_Driver/src/stm32l1xx_rtc.o
RTC_ITConfig                                      /home/zbanks//STM32L1xx_StdPeriph_Lib_V1.2.0/Libraries/STM32L1xx_StdPeriph_Driver/src/stm32l1xx_rtc.o
RTC_Init                                          /home/zbanks//STM32L1xx_StdPeriph_Lib_V1.2.0/Libraries/STM32L1xx_StdPeriph_Driver/src/stm32l1xx_rtc.o
RTC_OutputConfig                                  /home/zbanks//STM32L1xx_StdPeriph_Lib_V1.2.0/Libraries/STM32L1xx_StdPeriph_Driver/src/stm32l1xx_rtc.o
RTC_OutputTypeConfig                              /home/zbanks//STM32L1xx_StdPeriph_Lib_V1.2.0/Libraries/STM32L1xx_StdPeriph_Driver/src/stm32l1xx_rtc.o
RTC_ReadBackupRegister                            /home/zbanks//STM32L1xx_StdPeriph_Lib_V1.2.0/Libraries/STM32L1xx_StdPeriph_Driver/src/stm32l1xx_rtc.o
RTC_RefClockCmd                                   /home/zbanks//STM32L1xx_StdPeriph_Lib_V1.2.0/Libraries/STM32L1xx_StdPeriph_Driver/src/stm32l1xx_rtc.o
RTC_SetAlarm                                      /home/zbanks//STM32L1xx_StdPeriph_Lib_V1.2.0/Libraries/STM32L1xx_StdPeriph_Driver/src/stm32l1xx_rtc.o
RTC_SetDate                                       /home/zbanks//STM32L1xx_StdPeriph_Lib_V1.2.0/Libraries/STM32L1xx_StdPeriph_Driver/src/stm32l1xx_rtc.o
RTC_SetTime                                       /home/zbanks//STM32L1xx_StdPeriph_Lib_V1.2.0/Libraries/STM32L1xx_StdPeriph_Driver/src/stm32l1xx_rtc.o
RTC_SetWakeUpCounter                              /home/zbanks//STM32L1xx_StdPeriph_Lib_V1.2.0/Libraries/STM32L1xx_StdPeriph_Driver/src/stm32l1xx_rtc.o
RTC_SmoothCalibConfig                             /home/zbanks//STM32L1xx_StdPeriph_Lib_V1.2.0/Libraries/STM32L1xx_StdPeriph_Driver/src/stm32l1xx_rtc.o
RTC_StructInit                                    /home/zbanks//STM32L1xx_StdPeriph_Lib_V1.2.0/Libraries/STM32L1xx_StdPeriph_Driver/src/stm32l1xx_rtc.o
RTC_SynchroShiftConfig                            /home/zbanks//STM32L1xx_StdPeriph_Lib_V1.2.0/Libraries/STM32L1xx_StdPeriph_Driver/src/stm32l1xx_rtc.o
RTC_TamperCmd                                     /home/zbanks//STM32L1xx_StdPeriph_Lib_V1.2.0/Libraries/STM32L1xx_StdPeriph_Driver/src/stm32l1xx_rtc.o
RTC_TamperFilterConfig                            /home/zbanks//STM32L1xx_StdPeriph_Lib_V1.2.0/Libraries/STM32L1xx_StdPeriph_Driver/src/stm32l1xx_rtc.o
RTC_TamperPinsPrechargeDuration                   /home/zbanks//STM32L1xx_StdPeriph_Lib_V1.2.0/Libraries/STM32L1xx_StdPeriph_Driver/src/stm32l1xx_rtc.o
RTC_TamperPullUpCmd                               /home/zbanks//STM32L1xx_StdPeriph_Lib_V1.2.0/Libraries/STM32L1xx_StdPeriph_Driver/src/stm32l1xx_rtc.o
RTC_TamperSamplingFreqConfig                      /home/zbanks//STM32L1xx_StdPeriph_Lib_V1.2.0/Libraries/STM32L1xx_StdPeriph_Driver/src/stm32l1xx_rtc.o
RTC_TamperTriggerConfig                           /home/zbanks//STM32L1xx_StdPeriph_Lib_V1.2.0/Libraries/STM32L1xx_StdPeriph_Driver/src/stm32l1xx_rtc.o
RTC_TimeStampCmd                                  /home/zbanks//STM32L1xx_StdPeriph_Lib_V1.2.0/Libraries/STM32L1xx_StdPeriph_Driver/src/stm32l1xx_rtc.o
RTC_TimeStampOnTamperDetectionCmd                 /home/zbanks//STM32L1xx_StdPeriph_Lib_V1.2.0/Libraries/STM32L1xx_StdPeriph_Driver/src/stm32l1xx_rtc.o
RTC_TimeStructInit                                /home/zbanks//STM32L1xx_StdPeriph_Lib_V1.2.0/Libraries/STM32L1xx_StdPeriph_Driver/src/stm32l1xx_rtc.o
RTC_WKUP_IRQHandler                               ./startup/startup_stm32l1xx_md.o
RTC_WaitForSynchro                                /home/zbanks//STM32L1xx_StdPeriph_Lib_V1.2.0/Libraries/STM32L1xx_StdPeriph_Driver/src/stm32l1xx_rtc.o
RTC_WakeUpClockConfig                             /home/zbanks//STM32L1xx_StdPeriph_Lib_V1.2.0/Libraries/STM32L1xx_StdPeriph_Driver/src/stm32l1xx_rtc.o
RTC_WakeUpCmd                                     /home/zbanks//STM32L1xx_StdPeriph_Lib_V1.2.0/Libraries/STM32L1xx_StdPeriph_Driver/src/stm32l1xx_rtc.o
RTC_WriteBackupRegister                           /home/zbanks//STM32L1xx_StdPeriph_Lib_V1.2.0/Libraries/STM32L1xx_StdPeriph_Driver/src/stm32l1xx_rtc.o
RTC_WriteProtectionCmd                            /home/zbanks//STM32L1xx_StdPeriph_Lib_V1.2.0/Libraries/STM32L1xx_StdPeriph_Driver/src/stm32l1xx_rtc.o
Reset_Handler                                     ./startup/startup_stm32l1xx_md.o
SPI1_IRQHandler                                   ./startup/startup_stm32l1xx_md.o
SPI2_IRQHandler                                   ./startup/startup_stm32l1xx_md.o
SVC_Handler                                       ./src/stm32l1xx_it.o
                                                  ./startup/startup_stm32l1xx_md.o
SYSCFG_DeInit                                     /home/zbanks//STM32L1xx_StdPeriph_Lib_V1.2.0/Libraries/STM32L1xx_StdPeriph_Driver/src/stm32l1xx_syscfg.o
SYSCFG_EXTILineConfig                             /home/zbanks//STM32L1xx_StdPeriph_Lib_V1.2.0/Libraries/STM32L1xx_StdPeriph_Driver/src/stm32l1xx_syscfg.o
SYSCFG_GetBootMode                                /home/zbanks//STM32L1xx_StdPeriph_Lib_V1.2.0/Libraries/STM32L1xx_StdPeriph_Driver/src/stm32l1xx_syscfg.o
SYSCFG_MemoryRemapConfig                          /home/zbanks//STM32L1xx_StdPeriph_Lib_V1.2.0/Libraries/STM32L1xx_StdPeriph_Driver/src/stm32l1xx_syscfg.o
SYSCFG_RIChannelSpeedConfig                       /home/zbanks//STM32L1xx_StdPeriph_Lib_V1.2.0/Libraries/STM32L1xx_StdPeriph_Driver/src/stm32l1xx_syscfg.o
SYSCFG_RIDeInit                                   /home/zbanks//STM32L1xx_StdPeriph_Lib_V1.2.0/Libraries/STM32L1xx_StdPeriph_Driver/src/stm32l1xx_syscfg.o
SYSCFG_RIHysteresisConfig                         /home/zbanks//STM32L1xx_StdPeriph_Lib_V1.2.0/Libraries/STM32L1xx_StdPeriph_Driver/src/stm32l1xx_syscfg.o
SYSCFG_RIIOSwitchConfig                           /home/zbanks//STM32L1xx_StdPeriph_Lib_V1.2.0/Libraries/STM32L1xx_StdPeriph_Driver/src/stm32l1xx_syscfg.o
SYSCFG_RIResistorConfig                           /home/zbanks//STM32L1xx_StdPeriph_Lib_V1.2.0/Libraries/STM32L1xx_StdPeriph_Driver/src/stm32l1xx_syscfg.o
SYSCFG_RISwitchControlModeCmd                     /home/zbanks//STM32L1xx_StdPeriph_Lib_V1.2.0/Libraries/STM32L1xx_StdPeriph_Driver/src/stm32l1xx_syscfg.o
SYSCFG_RITIMInputCaptureConfig                    /home/zbanks//STM32L1xx_StdPeriph_Lib_V1.2.0/Libraries/STM32L1xx_StdPeriph_Driver/src/stm32l1xx_syscfg.o
SYSCFG_RITIMSelect                                /home/zbanks//STM32L1xx_StdPeriph_Lib_V1.2.0/Libraries/STM32L1xx_StdPeriph_Driver/src/stm32l1xx_syscfg.o
SYSCFG_USBPuCmd                                   /home/zbanks//STM32L1xx_StdPeriph_Lib_V1.2.0/Libraries/STM32L1xx_StdPeriph_Driver/src/stm32l1xx_syscfg.o
SysTick_CLKSourceConfig                           /home/zbanks//STM32L1xx_StdPeriph_Lib_V1.2.0/Libraries/STM32L1xx_StdPeriph_Driver/src/misc.o
SysTick_Handler                                   ./src/stm32l1xx_it.o
                                                  ./startup/startup_stm32l1xx_md.o
SystemCoreClock                                   ./src/system_stm32l1xx.o
SystemCoreClockUpdate                             ./src/system_stm32l1xx.o
SystemInit                                        ./src/system_stm32l1xx.o
                                                  ./startup/startup_stm32l1xx_md.o
TAMPER_STAMP_IRQHandler                           ./startup/startup_stm32l1xx_md.o
TIM10_IRQHandler                                  ./startup/startup_stm32l1xx_md.o
TIM11_IRQHandler                                  ./startup/startup_stm32l1xx_md.o
TIM2_IRQHandler                                   ./startup/startup_stm32l1xx_md.o
TIM3_IRQHandler                                   ./startup/startup_stm32l1xx_md.o
TIM4_IRQHandler                                   ./startup/startup_stm32l1xx_md.o
TIM6_IRQHandler                                   ./startup/startup_stm32l1xx_md.o
TIM7_IRQHandler                                   ./startup/startup_stm32l1xx_md.o
TIM9_IRQHandler                                   ./startup/startup_stm32l1xx_md.o
TimingDelay_Decrement                             ./src/main.o
                                                  ./src/stm32l1xx_it.o
USART1_IRQHandler                                 ./startup/startup_stm32l1xx_md.o
USART2_IRQHandler                                 ./startup/startup_stm32l1xx_md.o
USART3_IRQHandler                                 ./startup/startup_stm32l1xx_md.o
USB_FS_WKUP_IRQHandler                            ./startup/startup_stm32l1xx_md.o
USB_HP_IRQHandler                                 ./startup/startup_stm32l1xx_md.o
USB_LP_IRQHandler                                 ./startup/startup_stm32l1xx_md.o
UsageFault_Handler                                ./src/stm32l1xx_it.o
                                                  ./startup/startup_stm32l1xx_md.o
WWDG_IRQHandler                                   ./startup/startup_stm32l1xx_md.o
_ebss                                             ./startup/startup_stm32l1xx_md.o
_edata                                            ./startup/startup_stm32l1xx_md.o
_estack                                           ./startup/startup_stm32l1xx_md.o
_sbss                                             ./startup/startup_stm32l1xx_md.o
_sdata                                            ./startup/startup_stm32l1xx_md.o
_sidata                                           ./startup/startup_stm32l1xx_md.o
adc_read                                          ./src/hal.o
                                                  ./src/main.o
adc_setup                                         ./src/hal.o
g_pfnVectors                                      ./startup/startup_stm32l1xx_md.o
hal_setup                                         ./src/hal.o
                                                  ./src/main.o
hbridge_set                                       ./src/hal.o
                                                  ./src/main.o
hbridge_setup                                     ./src/hal.o
main                                              ./src/main.o
                                                  ./startup/startup_stm32l1xx_md.o
